
> farm-verse-front@0.1.0 build
> react-scripts build

Creating an optimized production build...
Compiled with warnings.

[eslint] 
src\Components\FarmCropComponent\FarmCropReport.jsx
  Line 122:4:  React Hook useEffect has a missing dependency: 'setFarmCropData'. Either include it or remove the dependency array  react-hooks/exhaustive-deps

src\Components\LoginComponent\FarmerMenu.jsx
  Line 2:57:  'Button' is defined but never used  no-unused-vars

Search for the keywords to learn more about each warning.
To ignore, add // eslint-disable-next-line to the line before.

File sizes after gzip:

  132.08 kB  build\static\js\main.708da4f1.js
  50.35 kB   build\static\css\main.f9af1b4f.css
  1.76 kB    build\static\js\453.e58f8788.chunk.js

The project was built assuming it is hosted at /.
You can control this with the homepage field in your package.json.

The build folder is ready to be deployed.
You may serve it with a static server:

  npm install -g serve
  serve -s build

Find out more about deployment here:

  https://cra.link/deployment

